// Jest Snapshot v1, https://goo.gl/fbAQLP

exports[`grid test 1`] = `
<div
  className="grid "
  tabIndex="0"
>
  <div
    className="row"
  >
    <div
      className="cell"
      style={Object {}}
    />
    <div
      className="cell"
      style={Object {}}
    />
    <div
      className="cell"
      style={Object {}}
    />
    <div
      className="cell"
      style={Object {}}
    />
    <div
      className="cell"
      style={Object {}}
    />
    <div
      className="cell"
      style={Object {}}
    />
    <div
      className="cell"
      style={Object {}}
    />
    <div
      className="cell"
      style={Object {}}
    />
    <div
      className="cell"
      style={Object {}}
    />
    <div
      className="cell"
      style={Object {}}
    />
    <div
      className="cell"
      style={Object {}}
    />
    <div
      className="cell"
      style={Object {}}
    />
    <div
      className="cell"
      style={Object {}}
    />
    <div
      className="cell"
      style={Object {}}
    />
  </div>
  <div
    className="row"
  >
    <div
      className="cell"
      style={Object {}}
    />
    <div
      className="cell"
      style={Object {}}
    />
    <div
      className="cell"
      style={Object {}}
    />
    <div
      className="cell"
      style={Object {}}
    />
    <div
      className="cell"
      style={Object {}}
    />
    <div
      className="cell"
      style={Object {}}
    />
    <div
      className="cell"
      style={Object {}}
    />
    <div
      className="cell"
      style={Object {}}
    />
    <div
      className="cell"
      style={Object {}}
    />
    <div
      className="cell"
      style={Object {}}
    />
    <div
      className="cell"
      style={Object {}}
    />
    <div
      className="cell"
      style={Object {}}
    />
    <div
      className="cell"
      style={Object {}}
    />
    <div
      className="cell"
      style={Object {}}
    />
  </div>
  <div
    className="row"
  >
    <div
      className="cell"
      style={Object {}}
    />
    <div
      className="cell"
      style={Object {}}
    />
    <div
      className="cell"
      style={Object {}}
    />
    <div
      className="cell"
      style={Object {}}
    />
    <div
      className="cell"
      style={Object {}}
    />
    <div
      className="cell"
      style={Object {}}
    />
    <div
      className="cell"
      style={Object {}}
    />
    <div
      className="cell"
      style={Object {}}
    />
    <div
      className="cell"
      style={Object {}}
    />
    <div
      className="cell"
      style={Object {}}
    />
    <div
      className="cell"
      style={Object {}}
    />
    <div
      className="cell"
      style={Object {}}
    />
    <div
      className="cell"
      style={Object {}}
    />
    <div
      className="cell"
      style={Object {}}
    />
  </div>
  <div
    className="row"
  >
    <div
      className="cell"
      style={Object {}}
    />
    <div
      className="cell"
      style={Object {}}
    />
    <div
      className="cell"
      style={Object {}}
    />
    <div
      className="cell"
      style={Object {}}
    />
    <div
      className="cell"
      style={Object {}}
    />
    <div
      className="cell"
      style={Object {}}
    />
    <div
      className="cell"
      style={Object {}}
    />
    <div
      className="cell"
      style={Object {}}
    />
    <div
      className="cell"
      style={Object {}}
    />
    <div
      className="cell"
      style={Object {}}
    />
    <div
      className="cell"
      style={Object {}}
    />
    <div
      className="cell"
      style={Object {}}
    />
    <div
      className="cell"
      style={Object {}}
    />
    <div
      className="cell"
      style={Object {}}
    />
  </div>
  <div
    className="row"
  >
    <div
      className="cell"
      style={Object {}}
    />
    <div
      className="cell"
      style={Object {}}
    />
    <div
      className="cell"
      style={Object {}}
    />
    <div
      className="cell"
      style={Object {}}
    />
    <div
      className="cell"
      style={Object {}}
    />
    <div
      className="cell"
      style={Object {}}
    />
    <div
      className="cell"
      style={Object {}}
    />
    <div
      className="cell"
      style={Object {}}
    />
    <div
      className="cell"
      style={Object {}}
    />
    <div
      className="cell"
      style={Object {}}
    />
    <div
      className="cell"
      style={Object {}}
    />
    <div
      className="cell"
      style={Object {}}
    />
    <div
      className="cell"
      style={Object {}}
    />
    <div
      className="cell"
      style={Object {}}
    />
  </div>
  <div
    className="row"
  >
    <div
      className="cell"
      style={Object {}}
    />
    <div
      className="cell"
      style={Object {}}
    />
    <div
      className="cell"
      style={Object {}}
    />
    <div
      className="cell"
      style={Object {}}
    />
    <div
      className="cell"
      style={Object {}}
    />
    <div
      className="cell"
      style={Object {}}
    />
    <div
      className="cell"
      style={Object {}}
    />
    <div
      className="cell"
      style={Object {}}
    />
    <div
      className="cell"
      style={Object {}}
    />
    <div
      className="cell"
      style={Object {}}
    />
    <div
      className="cell"
      style={Object {}}
    />
    <div
      className="cell"
      style={Object {}}
    />
    <div
      className="cell"
      style={Object {}}
    />
    <div
      className="cell"
      style={Object {}}
    />
  </div>
  <div
    className="row"
  >
    <div
      className="cell"
      style={Object {}}
    />
    <div
      className="cell"
      style={Object {}}
    />
    <div
      className="cell"
      style={Object {}}
    />
    <div
      className="cell"
      style={Object {}}
    />
    <div
      className="cell"
      style={Object {}}
    />
    <div
      className="cell"
      style={Object {}}
    />
    <div
      className="cell"
      style={Object {}}
    />
    <div
      className="cell"
      style={Object {}}
    />
    <div
      className="cell"
      style={Object {}}
    />
    <div
      className="cell"
      style={Object {}}
    />
    <div
      className="cell"
      style={Object {}}
    />
    <div
      className="cell"
      style={Object {}}
    />
    <div
      className="cell"
      style={Object {}}
    />
    <div
      className="cell"
      style={Object {}}
    />
  </div>
  <div
    className="row"
  >
    <div
      className="cell"
      style={Object {}}
    />
    <div
      className="cell"
      style={Object {}}
    />
    <div
      className="cell"
      style={Object {}}
    />
    <div
      className="cell"
      style={Object {}}
    />
    <div
      className="cell"
      style={Object {}}
    />
    <div
      className="cell"
      style={Object {}}
    />
    <div
      className="cell"
      style={Object {}}
    />
    <div
      className="cell"
      style={Object {}}
    />
    <div
      className="cell"
      style={Object {}}
    />
    <div
      className="cell"
      style={Object {}}
    />
    <div
      className="cell"
      style={Object {}}
    />
    <div
      className="cell"
      style={Object {}}
    />
    <div
      className="cell"
      style={Object {}}
    />
    <div
      className="cell"
      style={Object {}}
    />
  </div>
  <div
    className="row"
  >
    <div
      className="cell"
      style={Object {}}
    />
    <div
      className="cell"
      style={Object {}}
    />
    <div
      className="cell"
      style={Object {}}
    />
    <div
      className="cell"
      style={Object {}}
    />
    <div
      className="cell"
      style={Object {}}
    />
    <div
      className="cell"
      style={Object {}}
    />
    <div
      className="cell"
      style={Object {}}
    />
    <div
      className="cell"
      style={Object {}}
    />
    <div
      className="cell"
      style={Object {}}
    />
    <div
      className="cell"
      style={Object {}}
    />
    <div
      className="cell"
      style={Object {}}
    />
    <div
      className="cell"
      style={Object {}}
    />
    <div
      className="cell"
      style={Object {}}
    />
    <div
      className="cell"
      style={Object {}}
    />
  </div>
  <div
    className="row"
  >
    <div
      className="cell"
      style={Object {}}
    />
    <div
      className="cell"
      style={Object {}}
    />
    <div
      className="cell"
      style={Object {}}
    />
    <div
      className="cell"
      style={Object {}}
    />
    <div
      className="cell"
      style={Object {}}
    />
    <div
      className="cell"
      style={Object {}}
    />
    <div
      className="cell"
      style={Object {}}
    />
    <div
      className="cell"
      style={Object {}}
    />
    <div
      className="cell"
      style={Object {}}
    />
    <div
      className="cell"
      style={Object {}}
    />
    <div
      className="cell"
      style={Object {}}
    />
    <div
      className="cell"
      style={Object {}}
    />
    <div
      className="cell"
      style={Object {}}
    />
    <div
      className="cell"
      style={Object {}}
    />
  </div>
  <div
    className="row"
  >
    <div
      className="cell"
      style={Object {}}
    />
    <div
      className="cell"
      style={Object {}}
    />
    <div
      className="cell"
      style={Object {}}
    />
    <div
      className="cell"
      style={Object {}}
    />
    <div
      className="cell"
      style={Object {}}
    />
    <div
      className="cell"
      style={Object {}}
    />
    <div
      className="cell"
      style={Object {}}
    />
    <div
      className="cell"
      style={Object {}}
    />
    <div
      className="cell"
      style={Object {}}
    />
    <div
      className="cell"
      style={Object {}}
    />
    <div
      className="cell"
      style={Object {}}
    />
    <div
      className="cell"
      style={Object {}}
    />
    <div
      className="cell"
      style={Object {}}
    />
    <div
      className="cell"
      style={Object {}}
    />
  </div>
  <div
    className="row"
  >
    <div
      className="cell"
      style={Object {}}
    />
    <div
      className="cell"
      style={Object {}}
    />
    <div
      className="cell"
      style={Object {}}
    />
    <div
      className="cell"
      style={Object {}}
    />
    <div
      className="cell"
      style={Object {}}
    />
    <div
      className="cell"
      style={Object {}}
    />
    <div
      className="cell"
      style={Object {}}
    />
    <div
      className="cell"
      style={Object {}}
    />
    <div
      className="cell"
      style={Object {}}
    />
    <div
      className="cell"
      style={Object {}}
    />
    <div
      className="cell"
      style={Object {}}
    />
    <div
      className="cell"
      style={Object {}}
    />
    <div
      className="cell"
      style={Object {}}
    />
    <div
      className="cell"
      style={Object {}}
    />
  </div>
  <div
    className="row"
  >
    <div
      className="cell"
      style={Object {}}
    />
    <div
      className="cell"
      style={Object {}}
    />
    <div
      className="cell"
      style={Object {}}
    />
    <div
      className="cell"
      style={Object {}}
    />
    <div
      className="cell"
      style={Object {}}
    />
    <div
      className="cell"
      style={Object {}}
    />
    <div
      className="cell"
      style={Object {}}
    />
    <div
      className="cell"
      style={Object {}}
    />
    <div
      className="cell"
      style={Object {}}
    />
    <div
      className="cell"
      style={Object {}}
    />
    <div
      className="cell"
      style={Object {}}
    />
    <div
      className="cell"
      style={Object {}}
    />
    <div
      className="cell"
      style={Object {}}
    />
    <div
      className="cell"
      style={Object {}}
    />
  </div>
  <div
    className="row"
  >
    <div
      className="cell"
      style={Object {}}
    />
    <div
      className="cell"
      style={Object {}}
    />
    <div
      className="cell"
      style={Object {}}
    />
    <div
      className="cell"
      style={Object {}}
    />
    <div
      className="cell"
      style={Object {}}
    />
    <div
      className="cell"
      style={Object {}}
    />
    <div
      className="cell"
      style={Object {}}
    />
    <div
      className="cell"
      style={Object {}}
    />
    <div
      className="cell"
      style={Object {}}
    />
    <div
      className="cell"
      style={Object {}}
    />
    <div
      className="cell"
      style={Object {}}
    />
    <div
      className="cell"
      style={Object {}}
    />
    <div
      className="cell"
      style={Object {}}
    />
    <div
      className="cell"
      style={Object {}}
    />
  </div>
  <div
    className="row"
  >
    <div
      className="cell"
      style={Object {}}
    />
    <div
      className="cell"
      style={Object {}}
    />
    <div
      className="cell"
      style={Object {}}
    />
    <div
      className="cell"
      style={Object {}}
    />
    <div
      className="cell"
      style={Object {}}
    />
    <div
      className="cell"
      style={Object {}}
    />
    <div
      className="cell"
      style={Object {}}
    />
    <div
      className="cell"
      style={Object {}}
    />
    <div
      className="cell"
      style={Object {}}
    />
    <div
      className="cell"
      style={Object {}}
    />
    <div
      className="cell"
      style={Object {}}
    />
    <div
      className="cell"
      style={Object {}}
    />
    <div
      className="cell"
      style={Object {}}
    />
    <div
      className="cell"
      style={Object {}}
    />
  </div>
  <div
    className="row"
  >
    <div
      className="cell"
      style={Object {}}
    />
    <div
      className="cell"
      style={Object {}}
    />
    <div
      className="cell"
      style={Object {}}
    />
    <div
      className="cell"
      style={Object {}}
    />
    <div
      className="cell"
      style={Object {}}
    />
    <div
      className="cell"
      style={Object {}}
    />
    <div
      className="cell"
      style={Object {}}
    />
    <div
      className="cell"
      style={Object {}}
    />
    <div
      className="cell"
      style={Object {}}
    />
    <div
      className="cell"
      style={Object {}}
    />
    <div
      className="cell"
      style={Object {}}
    />
    <div
      className="cell"
      style={Object {}}
    />
    <div
      className="cell"
      style={Object {}}
    />
    <div
      className="cell"
      style={Object {}}
    />
  </div>
  <div
    className="row"
  >
    <div
      className="cell"
      style={Object {}}
    />
    <div
      className="cell"
      style={Object {}}
    />
    <div
      className="cell"
      style={Object {}}
    />
    <div
      className="cell"
      style={Object {}}
    />
    <div
      className="cell"
      style={Object {}}
    />
    <div
      className="cell"
      style={Object {}}
    />
    <div
      className="cell"
      style={Object {}}
    />
    <div
      className="cell"
      style={Object {}}
    />
    <div
      className="cell"
      style={Object {}}
    />
    <div
      className="cell"
      style={Object {}}
    />
    <div
      className="cell"
      style={Object {}}
    />
    <div
      className="cell"
      style={Object {}}
    />
    <div
      className="cell"
      style={Object {}}
    />
    <div
      className="cell"
      style={Object {}}
    />
  </div>
  <div
    className="row"
  >
    <div
      className="cell"
      style={Object {}}
    />
    <div
      className="cell"
      style={Object {}}
    />
    <div
      className="cell"
      style={Object {}}
    />
    <div
      className="cell"
      style={Object {}}
    />
    <div
      className="cell"
      style={Object {}}
    />
    <div
      className="cell"
      style={Object {}}
    />
    <div
      className="cell"
      style={Object {}}
    />
    <div
      className="cell"
      style={Object {}}
    />
    <div
      className="cell"
      style={Object {}}
    />
    <div
      className="cell"
      style={Object {}}
    />
    <div
      className="cell"
      style={Object {}}
    />
    <div
      className="cell"
      style={Object {}}
    />
    <div
      className="cell"
      style={Object {}}
    />
    <div
      className="cell"
      style={Object {}}
    />
  </div>
  <div
    className="row"
  >
    <div
      className="cell"
      style={Object {}}
    />
    <div
      className="cell"
      style={Object {}}
    />
    <div
      className="cell"
      style={
        Object {
          "backgroundColor": "blue",
        }
      }
    />
    <div
      className="cell"
      style={Object {}}
    />
    <div
      className="cell"
      style={Object {}}
    />
    <div
      className="cell"
      style={Object {}}
    />
    <div
      className="cell"
      style={Object {}}
    />
    <div
      className="cell"
      style={Object {}}
    />
    <div
      className="cell"
      style={Object {}}
    />
    <div
      className="cell"
      style={Object {}}
    />
    <div
      className="cell"
      style={Object {}}
    />
    <div
      className="cell"
      style={Object {}}
    />
    <div
      className="cell"
      style={Object {}}
    />
    <div
      className="cell"
      style={Object {}}
    />
  </div>
  <div
    className="row"
  >
    <div
      className="cell"
      style={
        Object {
          "backgroundColor": "blue",
        }
      }
    />
    <div
      className="cell"
      style={
        Object {
          "backgroundColor": "blue",
        }
      }
    />
    <div
      className="cell"
      style={
        Object {
          "backgroundColor": "blue",
        }
      }
    />
    <div
      className="cell"
      style={Object {}}
    />
    <div
      className="cell"
      style={Object {}}
    />
    <div
      className="cell"
      style={Object {}}
    />
    <div
      className="cell"
      style={Object {}}
    />
    <div
      className="cell"
      style={Object {}}
    />
    <div
      className="cell"
      style={Object {}}
    />
    <div
      className="cell"
      style={Object {}}
    />
    <div
      className="cell"
      style={Object {}}
    />
    <div
      className="cell"
      style={Object {}}
    />
    <div
      className="cell"
      style={Object {}}
    />
    <div
      className="cell"
      style={Object {}}
    />
  </div>
</div>
`;
